// Jest Snapshot v1, https://goo.gl/fbAQLP

exports[`ApiTokens renders empty result 1`] = `
<SideEffect(DocumentTitle)
  title="API Tokens - Sentry"
>
  <div>
    <SettingsPageHeading
      action={
        <Button
          className="ref-create-token"
          disabled={false}
          priority="primary"
          size="small"
          to="/settings/account/api/auth-tokens/new-token/"
        >
          Create New Token
        </Button>
      }
      title="Auth Tokens"
    />
    <TextBlock>
      Authentication tokens allow you to perform actions against the Sentry API on behalf of your account. They're the easiest way to get started using the API.
    </TextBlock>
    <TextBlock>
      <span
        key="5"
      >
        <span
          key="0"
        >
          For more information on how to use the web API, see our 
        </span>
        <a
          href="https://docs.sentry.io/hosted/api/"
          key="2"
        >
          <span
            key="1"
          >
            documentation
          </span>
        </a>
        <span
          key="3"
        >
          .
        </span>
      </span>
    </TextBlock>
    <TextBlock>
      <small>
        psst. Looking for the 
        <strong>
          DSN
        </strong>
         for an SDK? You'll find that under
         
        <strong>
          [Project] » Settings » Client Keys
        </strong>
        .
      </small>
    </TextBlock>
    <Panel>
      <PanelHeader
        disablePadding={true}
      >
        <Flex
          align="center"
        >
          <Box
            flex="1"
            px={2}
          >
            Auth Token
          </Box>
        </Flex>
      </PanelHeader>
      <PanelBody
        direction="column"
        disablePadding={true}
        flex={false}
      >
        <EmptyMessage>
          You haven't created any authentication tokens yet.
        </EmptyMessage>
      </PanelBody>
    </Panel>
  </div>
</SideEffect(DocumentTitle)>
`;

exports[`ApiTokens renders with result 1`] = `
.glamor-6 {
  font-size: 14px;
  box-shadow: inset 0 -1px 0;
  margin: -20px 0 30px;
}

.glamor-4 {
  box-sizing: border-box;
  display: -webkit-box;
  display: -webkit-flex;
  display: -ms-flexbox;
  display: flex;
  -webkit-align-items: center;
  -webkit-box-align: center;
  -ms-flex-align: center;
  align-items: center;
}

.glamor-0 {
  font-size: 20px;
  font-weight: bold;
  margin: 20px 0;
  -webkit-flex: 1;
  -ms-flex: 1;
  flex: 1;
}

.glamor-2 {
  box-sizing: border-box;
  display: -webkit-box;
  display: -webkit-flex;
  display: -ms-flexbox;
  display: flex;
}

.glamor-8 {
  line-height: 1.5;
  margin-bottom: 30px;
}

.glamor-53 {
  background: #fff;
  border: 1px solid;
  margin-bottom: NaNpx;
  position: relative;
}

.glamor-25 {
  border-bottom: 1px solid;
  border-radius: 0 0;
  text-transform: uppercase;
  font-size: 13px;
  line-height: 1;
  padding: 15px 0;
}

.glamor-21 {
  font-size: inherit;
  text-transform: inherit;
  margin: 0;
}

.glamor-19 {
  font-size: 12px;
  font-weight: 600;
  text-transform: uppercase;
  margin-bottom: 20px;
  font-size: inherit;
  text-transform: inherit;
  margin: 0;
}

.glamor-14 {
  box-sizing: border-box;
  padding-left: 16px;
  padding-right: 16px;
  -webkit-flex: 1;
  -ms-flex: 1;
  flex: 1;
}

.glamor-49 {
  box-sizing: border-box;
  padding: 16px;
  padding-left: 16px;
  padding-right: 16px;
  padding-top: 16px;
  padding-bottom: 16px;
  display: -webkit-box;
  display: -webkit-flex;
  display: -ms-flexbox;
  display: flex;
  -webkit-box-pack: justify;
  -webkit-justify-content: space-between;
  -ms-flex-pack: justify;
  justify-content: space-between;
  border-bottom: 1px solid;
}

.glamor-49:last-child {
  border: 0;
}

.glamor-41 {
  box-sizing: border-box;
  -webkit-flex: 1;
  -ms-flex: 1;
  flex: 1;
}

.glamor-33 {
  -webkit-box-flex: 1;
  -webkit-flex-grow: 1;
  -ms-flex-positive: 1;
  flex-grow: 1;
  border: none;
}

.glamor-29 {
  display: block;
  width: 100%;
  background: #fff;
  border: 1px solid;
  box-shadow: inset;
  padding: 0.5em;
  -webkit-transition: border 0.1s linear;
  transition: border 0.1s linear;
  resize: vertical;
  cursor: default;
  border-right-width: 0;
  border-top-right-radius: 0;
  border-bottom-right-radius: 0;
}

.glamor-29:focus {
  outline: none;
}

.glamor-29:hover,
.glamor-29:focus,
.glamor-29:active {
  border: 1px solid;
}

.glamor-29:hover,
.glamor-29:focus {
  border-right-width: 0;
}

.glamor-29:hover,
.glamor-29:focus {
  border-right-width: 0;
}

.glamor-29:hover,
.glamor-29:focus {
  border-right-width: 0;
}

.glamor-29:hover,
.glamor-29:focus {
  border-right-width: 0;
}

.glamor-37 {
  font-size: 0.9em;
}

.glamor-39 {
  font-size: 0.9em;
  color: #999;
}

.glamor-45 {
  box-sizing: border-box;
  padding-left: 16px;
}

<ApiTokens>
  <SideEffect(DocumentTitle)
    title="API Tokens - Sentry"
  >
    <DocumentTitle
      title="API Tokens - Sentry"
    >
      <div>
        <SettingsPageHeading
          action={
            <Button
              className="ref-create-token"
              disabled={false}
              priority="primary"
              size="small"
              to="/settings/account/api/auth-tokens/new-token/"
            >
              Create New Token
            </Button>
          }
          title="Auth Tokens"
        >
          <Wrapper>
            <div
              className="glamor-6 glamor-7"
            >
              <Flex
                align="center"
              >
                <Base
                  align="center"
                  className="glamor-4"
                >
                  <div
                    className="glamor-4"
                    is={null}
                  >
                    <Title>
                      <div
                        className="glamor-0 glamor-1"
                      >
                        Auth Tokens
                      </div>
                    </Title>
                    <div>
                      <Button
                        className="ref-create-token"
                        disabled={false}
                        priority="primary"
                        size="small"
                        to="/settings/account/api/auth-tokens/new-token/"
                      >
                        <Link
                          className="ref-create-token button button-primary button-sm"
                          disabled={false}
                          onClick={[Function]}
                          onlyActiveOnIndex={false}
                          role="button"
                          style={Object {}}
                          to="/settings/account/api/auth-tokens/new-token/"
                        >
                          <a
                            className="ref-create-token button button-primary button-sm"
                            disabled={false}
                            onClick={[Function]}
                            role="button"
                            style={Object {}}
                          >
                            <Flex>
                              <Base
                                className="glamor-2"
                              >
                                <div
                                  className="glamor-2"
                                  is={null}
                                >
                                  <span
                                    className="button-label"
                                  >
                                    Create New Token
                                  </span>
                                </div>
                              </Base>
                            </Flex>
                          </a>
                        </Link>
                      </Button>
                    </div>
                  </div>
                </Base>
              </Flex>
            </div>
          </Wrapper>
        </SettingsPageHeading>
        <TextBlock>
          <div
            className="glamor-8 glamor-9"
          >
            Authentication tokens allow you to perform actions against the Sentry API on behalf of your account. They're the easiest way to get started using the API.
          </div>
        </TextBlock>
        <TextBlock>
          <div
            className="glamor-8 glamor-9"
          >
            <span
              key="5"
            >
              <span
                key="0"
              >
                For more information on how to use the web API, see our 
              </span>
              <a
                href="https://docs.sentry.io/hosted/api/"
                key="2"
              >
                <span
                  key="1"
                >
                  documentation
                </span>
              </a>
              <span
                key="3"
              >
                .
              </span>
            </span>
          </div>
        </TextBlock>
        <TextBlock>
          <div
            className="glamor-8 glamor-9"
          >
            <small>
              psst. Looking for the 
              <strong>
                DSN
              </strong>
               for an SDK? You'll find that under
               
              <strong>
                [Project] » Settings » Client Keys
              </strong>
              .
            </small>
          </div>
        </TextBlock>
        <Panel>
          <div
            className="glamor-53 glamor-54"
          >
            <PanelHeader
              disablePadding={true}
            >
              <StyledPanelHeader
                disablePadding={true}
              >
                <Component
                  className="glamor-25 glamor-26"
                  disablePadding={true}
                >
                  <div
                    className="glamor-25 glamor-26"
                  >
                    <StyledPanelHeading>
                      <Component
                        className="glamor-21 glamor-18"
                      >
                        <PanelHeading
                          className="glamor-21 glamor-18"
                        >
                          <div
                            className="glamor-18 glamor-19 glamor-20"
                          >
                            <Flex
                              align="center"
                            >
                              <Base
                                align="center"
                                className="glamor-4"
                              >
                                <div
                                  className="glamor-4"
                                  is={null}
                                >
                                  <Box
                                    flex="1"
                                    px={2}
                                  >
                                    <Base
                                      className="glamor-14"
                                      flex="1"
                                      px={2}
                                    >
                                      <div
                                        className="glamor-14"
                                        is={null}
                                      >
                                        Auth Token
                                      </div>
                                    </Base>
                                  </Box>
                                </div>
                              </Base>
                            </Flex>
                          </div>
                        </PanelHeading>
                      </Component>
                    </StyledPanelHeading>
                  </div>
                </Component>
              </StyledPanelHeader>
            </PanelHeader>
            <PanelBody
              direction="column"
              disablePadding={true}
              flex={false}
            >
              <div
                className=""
              >
                <ApiTokenRow
                  key="apitoken123"
                  onRemove={[Function]}
                  token={
                    Object {
                      "dateCreated": 2018-01-12T02:01:41.000Z,
                      "scopes": Array [
                        "scope1",
                        "scope2",
                      ],
                      "token": "apitoken123",
                    }
                  }
                >
                  <PanelItem
                    justify="space-between"
                    p={2}
                    px={2}
                    py={2}
                  >
                    <StyledPanelItem
                      justify="space-between"
                      p={2}
                      px={2}
                      py={2}
                    >
                      <Base
                        className="glamor-49 glamor-50"
                        justify="space-between"
                        p={2}
                        px={2}
                        py={2}
                      >
                        <div
                          className="glamor-49 glamor-50"
                          is={null}
                        >
                          <Box
                            flex="1"
                          >
                            <Base
                              className="glamor-41"
                              flex="1"
                            >
                              <div
                                className="glamor-41"
                                is={null}
                              >
                                <div
                                  style={
                                    Object {
                                      "marginBottom": 5,
                                    }
                                  }
                                >
                                  <small>
                                    <TextCopyInput
                                      flexValueContainer={false}
                                      onCopy={[Function]}
                                      renderer={[Function]}
                                    >
                                      <Flex>
                                        <Base
                                          className="glamor-2"
                                        >
                                          <div
                                            className="glamor-2"
                                            is={null}
                                          >
                                            <OverflowContainer>
                                              <div
                                                className="glamor-33 glamor-34"
                                              >
                                                <StyledInput
                                                  onClick={[Function]}
                                                  readOnly={true}
                                                  value="apitoken123"
                                                >
                                                  <Component
                                                    className="glamor-29 glamor-30"
                                                    onClick={[Function]}
                                                    readOnly={true}
                                                    value="apitoken123"
                                                  >
                                                    <input
                                                      className="glamor-29 glamor-30"
                                                      onClick={[Function]}
                                                      readOnly={true}
                                                      value="apitoken123"
                                                    />
                                                  </Component>
                                                </StyledInput>
                                              </div>
                                            </OverflowContainer>
                                            <Clipboard
                                              errorMessage="Error copying to clipboard"
                                              hideMessages={false}
                                              hideUnsupported={true}
                                              onClick={[Function]}
                                              successMessage="Copied to clipboard"
                                              value="apitoken123"
                                            />
                                          </div>
                                        </Base>
                                      </Flex>
                                    </TextCopyInput>
                                  </small>
                                </div>
                                <div
                                  style={
                                    Object {
                                      "marginBottom": 5,
                                    }
                                  }
                                >
                                  <Created>
                                    <div
                                      className="glamor-37 glamor-38"
                                    >
                                      Created
                                       
                                      <DateTime
                                        date={2018-01-12T02:01:41.000Z}
                                        seconds={true}
                                      >
                                        <time>
                                          Jan 12, 2018 2:01:41 AM UTC
                                        </time>
                                      </DateTime>
                                    </div>
                                  </Created>
                                </div>
                                <div>
                                  <ScopeList>
                                    <div
                                      className="glamor-39 glamor-40"
                                    >
                                      scope1, scope2
                                    </div>
                                  </ScopeList>
                                </div>
                              </div>
                            </Base>
                          </Box>
                          <Flex
                            align="center"
                          >
                            <Base
                              align="center"
                              className="glamor-4"
                            >
                              <div
                                className="glamor-4"
                                is={null}
                              >
                                <Box
                                  pl={2}
                                >
                                  <Base
                                    className="glamor-45"
                                    pl={2}
                                  >
                                    <div
                                      className="glamor-45"
                                      is={null}
                                    >
                                      <Button
                                        disabled={false}
                                        onClick={[Function]}
                                      >
                                        <button
                                          className="button button-default"
                                          disabled={false}
                                          onClick={[Function]}
                                          role="button"
                                        >
                                          <Flex>
                                            <Base
                                              className="glamor-2"
                                            >
                                              <div
                                                className="glamor-2"
                                                is={null}
                                              >
                                                <span
                                                  className="button-label"
                                                >
                                                  <span
                                                    className="icon icon-trash"
                                                  />
                                                </span>
                                              </div>
                                            </Base>
                                          </Flex>
                                        </button>
                                      </Button>
                                    </div>
                                  </Base>
                                </Box>
                              </div>
                            </Base>
                          </Flex>
                        </div>
                      </Base>
                    </StyledPanelItem>
                  </PanelItem>
                </ApiTokenRow>
              </div>
            </PanelBody>
          </div>
        </Panel>
      </div>
    </DocumentTitle>
  </SideEffect(DocumentTitle)>
</ApiTokens>
`;
