// Jest Snapshot v1, https://goo.gl/fbAQLP

exports[`OrganizationApiKeysList renders 1`] = `
<OrganizationApiKeysList
  keys={
    Array [
      Object {
        "allowed_origins": "",
        "id": 1,
        "key": "aa624bcc12024702a202cd90be5feda0",
        "label": "Default",
        "scope_list": Array [
          "project:read",
          "event:read",
          "team:read",
          "member:read",
        ],
        "status": 0,
      },
    ]
  }
  params={
    Object {
      "orgId": "org-slug",
    }
  }
  routes={
    Array [
      Object {
        "path": "/",
      },
      Object {
        "path": "/:orgId/",
      },
      Object {
        "path": "/organizations/:orgId/",
      },
      Object {
        "name": "API Key",
        "path": "api-keys/",
      },
    ]
  }
>
  <div>
    <SettingsPageHeading
      action={
        <Button
          busy={undefined}
          disabled={false}
          icon="icon-circle-add"
          onClick={undefined}
          priority="primary"
          size="small"
        >
          New API Key
        </Button>
      }
      title="API Keys"
    >
      <Wrapper>
        <div
          className="css-foidy-Wrapper css-1wp86lr0"
        >
          <Flex
            align="center"
          >
            <StyledFlex>
              <div
                className="css-1qt63sy-StyledFlex css-9xhpuv1"
              >
                <Title>
                  <div
                    className="css-zmdcxu-Title css-1wp86lr1"
                  >
                    API Keys
                  </div>
                </Title>
                <div>
                  <Button
                    disabled={false}
                    icon="icon-circle-add"
                    priority="primary"
                    size="small"
                  >
                    <button
                      className="button button-primary button-sm"
                      disabled={false}
                      onClick={[Function]}
                      role="button"
                    >
                      <Flex
                        align="center"
                        className="button-label"
                      >
                        <StyledFlex
                          className="button-label"
                        >
                          <div
                            className="button-label css-1qt63sy-StyledFlex css-9xhpuv1"
                          >
                            <Icon
                              size="small"
                            >
                              <Box
                                className="css-h7y7by-Icon css-1i8rv9g0"
                                size="small"
                              >
                                <StyledBox
                                  className="css-h7y7by-Icon css-1i8rv9g0"
                                  size="small"
                                >
                                  <div
                                    className="css-1i8rv9g0 css-128il38-StyledBox css-9xhpuv0"
                                    size="small"
                                  >
                                    <StyledInlineSvg
                                      size="12px"
                                      src="icon-circle-add"
                                    >
                                      <InlineSvg
                                        className="css-1ov3rcq-StyledInlineSvg css-1i8rv9g1"
                                        size="12px"
                                        src="icon-circle-add"
                                      >
                                        <StyledSvg
                                          className="css-1ov3rcq-StyledInlineSvg css-1i8rv9g1"
                                          height="12px"
                                          viewBox={Object {}}
                                          width="12px"
                                        >
                                          <svg
                                            className="css-1i8rv9g1 css-1rlza0i-StyledSvg css-adkcw30"
                                            height="12px"
                                            viewBox={Object {}}
                                            width="12px"
                                          >
                                            <use
                                              href="#test"
                                              xlinkHref="#test"
                                            />
                                          </svg>
                                        </StyledSvg>
                                      </InlineSvg>
                                    </StyledInlineSvg>
                                  </div>
                                </StyledBox>
                              </Box>
                            </Icon>
                            New API Key
                          </div>
                        </StyledFlex>
                      </Flex>
                    </button>
                  </Button>
                </div>
              </div>
            </StyledFlex>
          </Flex>
        </div>
      </Wrapper>
    </SettingsPageHeading>
    <TextBlock>
      <Component
        className="css-ms59cf-TextBlock css-1gwew8k0"
      >
        <div
          className="css-ms59cf-TextBlock css-1gwew8k0"
        >
          <span
            key="5"
          >
            <span
              key="0"
            >
              API keys grant access to the 
            </span>
            <ExternalLink
              href="https://docs.sentry.io/hosted/api/"
              key="2"
              rel="noreferrer noopener"
              target="_blank"
            >
              <a
                href="https://docs.sentry.io/hosted/api/"
                rel="noreferrer noopener"
                target="_blank"
              >
                <span
                  key="1"
                >
                  developer web API
                </span>
              </a>
            </ExternalLink>
            <span
              key="3"
            >
              .
          If you're looking to configure a Sentry client, you'll need a
          client key which is available in your project settings.
            </span>
          </span>
        </div>
      </Component>
    </TextBlock>
    <div
      className="alert alert-block alert-info"
    >
      <span
        key="5"
      >
        <span
          key="0"
        >
          psst. Until Sentry supports OAuth, you might want to switch to using 
        </span>
        <Link
          key="2"
          to="/api/"
        >
          <a
            href="/api/"
          >
            <span
              key="1"
            >
              Auth Tokens
            </span>
          </a>
        </Link>
        <span
          key="3"
        >
           instead.
        </span>
      </span>
    </div>
    <Panel>
      <StyledPanel>
        <div
          className="css-wfa8ap-StyledPanel css-5bw71w0"
        >
          <PanelHeader
            align="center"
            disablePadding={true}
          >
            <StyledPanelHeader
              align="center"
              disablePadding={true}
            >
              <Component
                align="center"
                className="css-18fb6u1-StyledPanelHeader css-9rpnl60"
                disablePadding={true}
              >
                <Flex
                  align="center"
                  className="css-18fb6u1-StyledPanelHeader css-9rpnl60"
                  justify="space-between"
                >
                  <StyledFlex
                    className="css-18fb6u1-StyledPanelHeader css-9rpnl60"
                  >
                    <div
                      className="css-9rpnl60 css-3349kl-StyledFlex css-9xhpuv1"
                    >
                      <Flex
                        align="center"
                        flex="1"
                      >
                        <StyledFlex>
                          <div
                            className="css-1kscf9w-StyledFlex css-9xhpuv1"
                          >
                            <Box
                              flex="1"
                              px={2}
                            >
                              <StyledBox>
                                <div
                                  className="css-vjb1rk-StyledBox css-9xhpuv0"
                                >
                                  Name
                                </div>
                              </StyledBox>
                            </Box>
                            <Box
                              flex="2"
                              px={2}
                            >
                              <StyledBox>
                                <div
                                  className="css-1sfe7n0-StyledBox css-9xhpuv0"
                                >
                                  Key
                                </div>
                              </StyledBox>
                            </Box>
                          </div>
                        </StyledFlex>
                      </Flex>
                      <Box
                        px={2}
                        w={100}
                      >
                        <StyledBox>
                          <div
                            className="css-5qqgl5-StyledBox css-9xhpuv0"
                          >
                            Actions
                          </div>
                        </StyledBox>
                      </Box>
                    </div>
                  </StyledFlex>
                </Flex>
              </Component>
            </StyledPanelHeader>
          </PanelHeader>
          <PanelBody
            direction="column"
            disablePadding={true}
            flex={false}
          >
            <div
              className=""
            >
              <PanelItem
                align="center"
                key="1"
                p={0}
                py={1}
              >
                <StyledPanelItem
                  align="center"
                  p={0}
                  py={1}
                >
                  <Flex
                    align="center"
                    className="css-g2y9ad-StyledPanelItem css-ggxnv80"
                    p={0}
                    py={1}
                  >
                    <StyledFlex
                      className="css-g2y9ad-StyledPanelItem css-ggxnv80"
                    >
                      <div
                        className="css-ggxnv80 css-1nj70gr-StyledFlex css-9xhpuv1"
                      >
                        <Flex
                          align="center"
                          flex="1"
                        >
                          <StyledFlex>
                            <div
                              className="css-1kscf9w-StyledFlex css-9xhpuv1"
                            >
                              <Box
                                align="center"
                                flex="1"
                                px={2}
                              >
                                <StyledBox
                                  align="center"
                                >
                                  <div
                                    className="css-vjb1rk-StyledBox css-9xhpuv0"
                                  >
                                    <Link
                                      to="/organizations/org-slug/api-keys/1/"
                                    >
                                      <a
                                        href="/organizations/org-slug/api-keys/1/"
                                      >
                                        Default
                                      </a>
                                    </Link>
                                  </div>
                                </StyledBox>
                              </Box>
                              <Box
                                flex="2"
                                px={2}
                              >
                                <StyledBox>
                                  <div
                                    className="css-1sfe7n0-StyledBox css-9xhpuv0"
                                  >
                                    <div
                                      className="form-control disabled auto-select"
                                    >
                                      aa624bcc12024702a202cd90be5feda0
                                    </div>
                                  </div>
                                </StyledBox>
                              </Box>
                            </div>
                          </StyledFlex>
                        </Flex>
                        <Box
                          px={2}
                          w={100}
                        >
                          <StyledBox>
                            <div
                              className="css-5qqgl5-StyledBox css-9xhpuv0"
                            >
                              <LinkWithConfirmation
                                className="btn btn-default btn-sm"
                                message="Are you sure you want to remove this API key?"
                                onConfirm={[Function]}
                                title="Remove API Key?"
                              >
                                <Confirm
                                  cancelText="Cancel"
                                  confirmText="Confirm"
                                  message="Are you sure you want to remove this API key?"
                                  onConfirm={[Function]}
                                  priority="primary"
                                >
                                  <a
                                    className="btn btn-default btn-sm"
                                    onClick={[Function]}
                                    title="Remove API Key?"
                                  >
                                    <span
                                      className="icon-trash"
                                    />
                                  </a>
                                  <Modal
                                    animation={false}
                                    autoFocus={true}
                                    backdrop={true}
                                    bsClass="modal"
                                    dialogComponentClass={[Function]}
                                    enforceFocus={true}
                                    keyboard={true}
                                    manager={
                                      ModalManager {
                                        "add": [Function],
                                        "containers": Array [],
                                        "data": Array [],
                                        "handleContainerOverflow": true,
                                        "hideSiblingNodes": true,
                                        "isTopModal": [Function],
                                        "modals": Array [],
                                        "remove": [Function],
                                      }
                                    }
                                    onHide={[Function]}
                                    renderBackdrop={[Function]}
                                    restoreFocus={true}
                                    show={false}
                                  >
                                    <Modal
                                      autoFocus={true}
                                      backdrop={true}
                                      backdropClassName="modal-backdrop"
                                      containerClassName="modal-open"
                                      enforceFocus={true}
                                      keyboard={true}
                                      manager={
                                        ModalManager {
                                          "add": [Function],
                                          "containers": Array [],
                                          "data": Array [],
                                          "handleContainerOverflow": true,
                                          "hideSiblingNodes": true,
                                          "isTopModal": [Function],
                                          "modals": Array [],
                                          "remove": [Function],
                                        }
                                      }
                                      onEntering={[Function]}
                                      onExited={[Function]}
                                      onHide={[Function]}
                                      renderBackdrop={[Function]}
                                      restoreFocus={true}
                                      show={false}
                                    />
                                  </Modal>
                                </Confirm>
                              </LinkWithConfirmation>
                            </div>
                          </StyledBox>
                        </Box>
                      </div>
                    </StyledFlex>
                  </Flex>
                </StyledPanelItem>
              </PanelItem>
            </div>
          </PanelBody>
        </div>
      </StyledPanel>
    </Panel>
  </div>
</OrganizationApiKeysList>
`;
