// Jest Snapshot v1, https://goo.gl/fbAQLP

exports[`OrganizationProjectsView render() Should render the projects in the store 1`] = `
<OrganizationProjectsView
  params={
    Object {
      "orgId": "org-slug",
    }
  }
>
  <SideEffect(DocumentTitle)
    title="Organization Name Projects - Sentry"
  >
    <DocumentTitle
      title="Organization Name Projects - Sentry"
    >
      <div>
        <SettingsPageHeading
          action={
            <Button
              disabled={false}
              icon="icon-circle-add"
              priority="primary"
              size="small"
              title={undefined}
              to="/organizations/org-slug/projects/new/"
            >
              Create Project
            </Button>
          }
          title="Projects"
        >
          <Wrapper>
            <div
              className="css-foidy-Wrapper css-17jmgia0"
            >
              <Flex
                align="center"
              >
                <Base
                  align="center"
                  className="css-5ipae5"
                >
                  <div
                    className="css-5ipae5"
                    is={null}
                  >
                    <Title>
                      <div
                        className="css-zmdcxu-Title css-17jmgia1"
                      >
                        Projects
                      </div>
                    </Title>
                    <div>
                      <Button
                        disabled={false}
                        icon="icon-circle-add"
                        priority="primary"
                        size="small"
                        to="/organizations/org-slug/projects/new/"
                      >
                        <UnstyledButton
                          className="css-1e11s1h-Button css-16x0j7h0"
                          disabled={false}
                          icon="icon-circle-add"
                          priority="primary"
                          size="small"
                          to="/organizations/org-slug/projects/new/"
                        >
                          <Link
                            className="css-1e11s1h-Button css-16x0j7h0"
                            disabled={false}
                            onClick={[Function]}
                            onlyActiveOnIndex={false}
                            priority="primary"
                            role="button"
                            size="small"
                            style={Object {}}
                            to="/organizations/org-slug/projects/new/"
                          >
                            <a
                              className="css-1e11s1h-Button css-16x0j7h0"
                              disabled={false}
                              onClick={[Function]}
                              priority="primary"
                              role="button"
                              size="small"
                              style={Object {}}
                            >
                              <ButtonLabel
                                size="small"
                              >
                                <div
                                  className="css-1mffzag-ButtonLabel css-16x0j7h1"
                                  size="small"
                                >
                                  <IconContainer
                                    size="small"
                                  >
                                    <div
                                      className="css-10uznxu-IconContainer css-16x0j7h2"
                                      size="small"
                                    >
                                      <StyledInlineSvg
                                        size="12px"
                                        src="icon-circle-add"
                                      >
                                        <InlineSvg
                                          className="css-1ov3rcq-StyledInlineSvg css-16x0j7h3"
                                          size="12px"
                                          src="icon-circle-add"
                                        >
                                          <StyledSvg
                                            className="css-1ov3rcq-StyledInlineSvg css-16x0j7h3"
                                            height="12px"
                                            viewBox={Object {}}
                                            width="12px"
                                          >
                                            <svg
                                              className="css-16x0j7h3 css-1rlza0i-StyledSvg css-adkcw30"
                                              height="12px"
                                              viewBox={Object {}}
                                              width="12px"
                                            >
                                              <use
                                                href="#test"
                                                xlinkHref="#test"
                                              />
                                            </svg>
                                          </StyledSvg>
                                        </InlineSvg>
                                      </StyledInlineSvg>
                                    </div>
                                  </IconContainer>
                                  Create Project
                                </div>
                              </ButtonLabel>
                            </a>
                          </Link>
                        </UnstyledButton>
                      </Button>
                    </div>
                  </div>
                </Base>
              </Flex>
            </div>
          </Wrapper>
        </SettingsPageHeading>
        <Panel>
          <StyledPanel>
            <div
              className="css-wfa8ap-StyledPanel css-5bw71w0"
            >
              <PanelHeader
                hasButtons={true}
              >
                <StyledPanelHeader
                  hasButtons={true}
                >
                  <Component
                    className="css-vzwv85-StyledPanelHeader css-1t1cqk30"
                    hasButtons={true}
                  >
                    <Flex
                      align="center"
                      className="css-vzwv85-StyledPanelHeader css-1t1cqk30"
                      justify="space-between"
                    >
                      <Base
                        align="center"
                        className="css-1t1cqk30 css-1h9uuh9"
                        justify="space-between"
                      >
                        <div
                          className="css-1t1cqk30 css-1h9uuh9"
                          is={null}
                        >
                          Projects
                          <form
                            onSubmit={[Function]}
                          >
                            <Input
                              className="search"
                              onChange={[Function]}
                              placeholder="Search Projects"
                              value=""
                            >
                              <input
                                className="search css-qqayil-Input css-jwa1yb0"
                                onChange={[Function]}
                                placeholder="Search Projects"
                                value=""
                              />
                            </Input>
                          </form>
                        </div>
                      </Base>
                    </Flex>
                  </Component>
                </StyledPanelHeader>
              </PanelHeader>
              <PanelBody
                className="css-8atqhb"
                direction="column"
                disablePadding={true}
                flex={false}
              >
                <div
                  className="css-8atqhb"
                >
                  <PanelItem
                    align="center"
                    key="2"
                    p={0}
                  >
                    <StyledPanelItem
                      align="center"
                      p={0}
                    >
                      <Base
                        align="center"
                        className="css-e60paj-StyledPanelItem css-q9h14u0"
                        p={0}
                      >
                        <div
                          className="css-e60paj-StyledPanelItem css-q9h14u0"
                          is={null}
                        >
                          <Box
                            flex="1"
                            p={2}
                          >
                            <Base
                              className="css-14o7hgh"
                              flex="1"
                              p={2}
                            >
                              <div
                                className="css-14o7hgh"
                                is={null}
                              >
                                <ProjectItem
                                  organization={
                                    Object {
                                      "access": Array [
                                        "org:read",
                                        "org:write",
                                        "org:admin",
                                        "project:read",
                                        "project:write",
                                        "project:admin",
                                        "team:read",
                                        "team:write",
                                        "team:admin",
                                      ],
                                      "features": Array [],
                                      "id": "3",
                                      "name": "Organization Name",
                                      "onboardingTasks": Array [],
                                      "projects": Array [],
                                      "slug": "org-slug",
                                      "status": Object {
                                        "id": "active",
                                        "name": "active",
                                      },
                                      "teams": Array [],
                                    }
                                  }
                                  project={
                                    Object {
                                      "hasAccess": true,
                                      "id": "2",
                                      "isBookmarked": false,
                                      "isMember": true,
                                      "name": "Project Name",
                                      "slug": "project-slug",
                                      "teams": Array [],
                                    }
                                  }
                                >
                                  <div
                                    className={null}
                                    key="2"
                                  >
                                    <Tooltip
                                      title="Add to bookmarks"
                                    >
                                      <InlineButton
                                        className="tip"
                                        onClick={[Function]}
                                        title="Add to bookmarks"
                                      >
                                        <button
                                          className="tip css-k02xli-InlineButton css-6z5jso0"
                                          onClick={[Function]}
                                          title="Add to bookmarks"
                                        >
                                          <span
                                            className="icon-star-outline bookmark"
                                          />
                                        </button>
                                      </InlineButton>
                                    </Tooltip>
                                    <Link
                                      className="css-5kvhca"
                                      to="/settings/org-slug/project-slug/"
                                    >
                                      <Link
                                        className="css-5kvhca"
                                        onlyActiveOnIndex={false}
                                        style={Object {}}
                                        to="/settings/org-slug/project-slug/"
                                      >
                                        <a
                                          className="css-5kvhca"
                                          onClick={[Function]}
                                          style={Object {}}
                                        >
                                          <StyledProjectLabel
                                            organization={
                                              Object {
                                                "access": Array [
                                                  "org:read",
                                                  "org:write",
                                                  "org:admin",
                                                  "project:read",
                                                  "project:write",
                                                  "project:admin",
                                                  "team:read",
                                                  "team:write",
                                                  "team:admin",
                                                ],
                                                "features": Array [],
                                                "id": "3",
                                                "name": "Organization Name",
                                                "onboardingTasks": Array [],
                                                "projects": Array [],
                                                "slug": "org-slug",
                                                "status": Object {
                                                  "id": "active",
                                                  "name": "active",
                                                },
                                                "teams": Array [],
                                              }
                                            }
                                            project={
                                              Object {
                                                "hasAccess": true,
                                                "id": "2",
                                                "isBookmarked": false,
                                                "isMember": true,
                                                "name": "Project Name",
                                                "slug": "project-slug",
                                                "teams": Array [],
                                              }
                                            }
                                          >
                                            <ProjectLabel
                                              className="css-pculi3-StyledProjectLabel css-6z5jso1"
                                              organization={
                                                Object {
                                                  "access": Array [
                                                    "org:read",
                                                    "org:write",
                                                    "org:admin",
                                                    "project:read",
                                                    "project:write",
                                                    "project:admin",
                                                    "team:read",
                                                    "team:write",
                                                    "team:admin",
                                                  ],
                                                  "features": Array [],
                                                  "id": "3",
                                                  "name": "Organization Name",
                                                  "onboardingTasks": Array [],
                                                  "projects": Array [],
                                                  "slug": "org-slug",
                                                  "status": Object {
                                                    "id": "active",
                                                    "name": "active",
                                                  },
                                                  "teams": Array [],
                                                }
                                              }
                                              project={
                                                Object {
                                                  "hasAccess": true,
                                                  "id": "2",
                                                  "isBookmarked": false,
                                                  "isMember": true,
                                                  "name": "Project Name",
                                                  "slug": "project-slug",
                                                  "teams": Array [],
                                                }
                                              }
                                            >
                                              <span
                                                className="css-pculi3-StyledProjectLabel css-6z5jso1"
                                                organization={
                                                  Object {
                                                    "access": Array [
                                                      "org:read",
                                                      "org:write",
                                                      "org:admin",
                                                      "project:read",
                                                      "project:write",
                                                      "project:admin",
                                                      "team:read",
                                                      "team:write",
                                                      "team:admin",
                                                    ],
                                                    "features": Array [],
                                                    "id": "3",
                                                    "name": "Organization Name",
                                                    "onboardingTasks": Array [],
                                                    "projects": Array [],
                                                    "slug": "org-slug",
                                                    "status": Object {
                                                      "id": "active",
                                                      "name": "active",
                                                    },
                                                    "teams": Array [],
                                                  }
                                                }
                                                project={
                                                  Object {
                                                    "hasAccess": true,
                                                    "id": "2",
                                                    "isBookmarked": false,
                                                    "isMember": true,
                                                    "name": "Project Name",
                                                    "slug": "project-slug",
                                                    "teams": Array [],
                                                  }
                                                }
                                              >
                                                <span
                                                  className="project-name"
                                                >
                                                  Project Name
                                                </span>
                                              </span>
                                            </ProjectLabel>
                                          </StyledProjectLabel>
                                        </a>
                                      </Link>
                                    </Link>
                                  </div>
                                </ProjectItem>
                              </div>
                            </Base>
                          </Box>
                          <Box
                            p={2}
                            w={0.25}
                          >
                            <Base
                              className="css-7g8agk"
                              p={2}
                              w={0.25}
                            >
                              <div
                                className="css-7g8agk"
                                is={null}
                              >
                                <ProjectListItem
                                  key="2"
                                  project={
                                    Object {
                                      "hasAccess": true,
                                      "id": "2",
                                      "isBookmarked": false,
                                      "isMember": true,
                                      "name": "Project Name",
                                      "slug": "project-slug",
                                      "teams": Array [],
                                    }
                                  }
                                >
                                  <div />
                                </ProjectListItem>
                              </div>
                            </Base>
                          </Box>
                          <Box
                            align="right"
                            p={2}
                          >
                            <Base
                              align="right"
                              className="css-9wjo0j"
                              p={2}
                            >
                              <div
                                className="css-9wjo0j"
                                is={null}
                              >
                                <Button
                                  size="small"
                                  to="/org-slug/project-slug/"
                                >
                                  <UnstyledButton
                                    className="css-a8laap-Button css-16x0j7h0"
                                    disabled={false}
                                    size="small"
                                    to="/org-slug/project-slug/"
                                  >
                                    <Link
                                      className="css-a8laap-Button css-16x0j7h0"
                                      disabled={false}
                                      onClick={[Function]}
                                      onlyActiveOnIndex={false}
                                      role="button"
                                      size="small"
                                      style={Object {}}
                                      to="/org-slug/project-slug/"
                                    >
                                      <a
                                        className="css-a8laap-Button css-16x0j7h0"
                                        disabled={false}
                                        onClick={[Function]}
                                        role="button"
                                        size="small"
                                        style={Object {}}
                                      >
                                        <ButtonLabel
                                          size="small"
                                        >
                                          <div
                                            className="css-1mffzag-ButtonLabel css-16x0j7h1"
                                            size="small"
                                          >
                                            View Issues
                                          </div>
                                        </ButtonLabel>
                                      </a>
                                    </Link>
                                  </UnstyledButton>
                                </Button>
                              </div>
                            </Base>
                          </Box>
                        </div>
                      </Base>
                    </StyledPanelItem>
                  </PanelItem>
                </div>
              </PanelBody>
            </div>
          </StyledPanel>
        </Panel>
      </div>
    </DocumentTitle>
  </SideEffect(DocumentTitle)>
</OrganizationProjectsView>
`;
