// Jest Snapshot v1, https://goo.gl/fbAQLP

exports[`ProjectAlertRuleDetails Edit alert rule renders 1`] = `undefined`;

exports[`ProjectAlertRuleDetails New alert rule renders 1`] = `undefined`;
