// Jest Snapshot v1, https://goo.gl/fbAQLP

exports[`GroupReleaseStats renders 1`] = `
<GroupReleaseStats
  group={
    Object {
      "assignedTo": null,
      "id": "1",
      "project": Object {
        "id": "2",
        "slug": "project-slug",
      },
      "stats": Object {
        "24h": Array [
          Array [
            1517281200,
            2,
          ],
          Array [
            1517310000,
            1,
          ],
        ],
        "30d": Array [
          Array [
            1514764800,
            1,
          ],
          Array [
            1515024000,
            122,
          ],
        ],
      },
      "tags": Array [],
    }
  }
  location={
    Object {
      "pathame": "/mock-pathname/",
      "query": Object {},
    }
  }
>
  <div
    className="env-stats"
  >
    <h6>
      <span>
        <DropdownLink
          alwaysRenderMenu={true}
          anchorRight={false}
          caret={true}
          disabled={false}
          title="All Environments"
        >
          <DropdownMenu
            alwaysRenderMenu={true}
            keepMenuOpen={false}
          >
            <span
              className="dropdown"
            >
              <a
                className="dropdown-actor dropdown-toggle"
                onClick={[Function]}
                onMouseEnter={[Function]}
                onMouseLeave={[Function]}
              >
                <div
                  className="dropdown-actor-title"
                >
                  <span>
                    All Environments
                  </span>
                  <i
                    className="icon-arrow-down"
                  />
                </div>
              </a>
              <ul
                className="dropdown-menu"
                onClick={[Function]}
                onMouseEnter={[Function]}
                onMouseLeave={[Function]}
              >
                <MenuItem
                  isActive={true}
                  onClick={[Function]}
                >
                  <li
                    className="active"
                    href={null}
                    onClick={[Function]}
                    role="presentation"
                    title={null}
                  >
                    <a
                      onClick={[Function]}
                      tabIndex="-1"
                    >
                      All Environments
                    </a>
                  </li>
                </MenuItem>
              </ul>
            </span>
          </DropdownMenu>
        </DropdownLink>
      </span>
    </h6>
    <div
      className="env-content"
    >
      <div>
        <GroupReleaseChart
          environment="All Environments"
          environmentStats={
            Object {
              "24h": Array [
                Array [
                  1517281200,
                  2,
                ],
                Array [
                  1517310000,
                  1,
                ],
              ],
              "30d": Array [
                Array [
                  1514764800,
                  1,
                ],
                Array [
                  1515024000,
                  122,
                ],
              ],
            }
          }
          group={
            Object {
              "assignedTo": null,
              "id": "1",
              "project": Object {
                "id": "2",
                "slug": "project-slug",
              },
              "stats": Object {
                "24h": Array [
                  Array [
                    1517281200,
                    2,
                  ],
                  Array [
                    1517310000,
                    1,
                  ],
                ],
                "30d": Array [
                  Array [
                    1514764800,
                    1,
                  ],
                  Array [
                    1515024000,
                    122,
                  ],
                ],
              },
              "tags": Array [],
            }
          }
          release={null}
          releaseStats={null}
          statsPeriod="24h"
          title="Last 24 Hours"
        >
          <div
            className="bar-chart group-chart m-b-1 "
          >
            <h6>
              <span>
                Last 24 Hours
              </span>
            </h6>
            <StackedBarChart
              barClasses={
                Array [
                  "release",
                  "environment",
                  "inactive",
                ]
              }
              className="sparkline"
              height={40}
              label="events"
              markers={Array []}
              points={
                Array [
                  Object {
                    "x": 1517281200,
                    "y": Array [
                      0,
                      2,
                      0,
                    ],
                  },
                  Object {
                    "x": 1517310000,
                    "y": Array [
                      0,
                      1,
                      0,
                    ],
                  },
                ]
              }
              series={Array []}
              tooltip={[Function]}
              width={null}
            >
              <StyledBarChart
                className="barchart"
              >
                <figure
                  className="barchart css-3q0f3i-StyledBarChart e5t71580"
                >
                  <Columns
                    justify="space-between"
                    style={
                      Object {
                        "height": 40,
                        "minHeight": "30px",
                      }
                    }
                  >
                    <Base
                      className="css-tqa1m0-Columns e5t71581"
                      justify="space-between"
                      style={
                        Object {
                          "height": 40,
                          "minHeight": "30px",
                        }
                      }
                    >
                      <div
                        className="css-tqa1m0-Columns e5t71581"
                        is={null}
                        style={
                          Object {
                            "height": 40,
                            "minHeight": "30px",
                          }
                        }
                      >
                        <Tooltip
                          key="1517281200"
                          title="<div style=\\"width:150px\\"><div class=\\"time-label\\"><span>Jan 29th, 7:00 pm &#8594 Jan 30th, 2:59 am</span></div><dl class=\\"legend\\"><dt class=\\"inactive\\"><span></span></dt><dd>2 events</dd><dt class=\\"environment\\"><span></span></dt><dd>2 events<small>in All Environments</small></dd></dl></div>"
                          tooltipOptions={
                            Object {
                              "html": true,
                              "placement": "bottom",
                            }
                          }
                        >
                          <Column
                            className="tip"
                            style={
                              Object {
                                "height": "100%",
                              }
                            }
                            title="<div style=\\"width:150px\\"><div class=\\"time-label\\"><span>Jan 29th, 7:00 pm &#8594 Jan 30th, 2:59 am</span></div><dl class=\\"legend\\"><dt class=\\"inactive\\"><span></span></dt><dd>2 events</dd><dt class=\\"environment\\"><span></span></dt><dd>2 events<small>in All Environments</small></dd></dl></div>"
                          >
                            <div
                              className="tip css-6b15ws-Column e5t71582"
                              style={
                                Object {
                                  "height": "100%",
                                }
                              }
                              title="<div style=\\"width:150px\\"><div class=\\"time-label\\"><span>Jan 29th, 7:00 pm &#8594 Jan 30th, 2:59 am</span></div><dl class=\\"legend\\"><dt class=\\"inactive\\"><span></span></dt><dd>2 events</dd><dt class=\\"environment\\"><span></span></dt><dd>2 events<small>in All Environments</small></dd></dl></div>"
                            >
                              <ColumnRow
                                columnType="release"
                                key="0"
                                style={
                                  Object {
                                    "backgroundColor": null,
                                    "bottom": "0%",
                                    "height": "0%",
                                  }
                                }
                              >
                                <div
                                  className="css-1bwbgj5-ColumnRow-ColumnRow e5t71583"
                                  style={
                                    Object {
                                      "backgroundColor": null,
                                      "bottom": "0%",
                                      "height": "0%",
                                    }
                                  }
                                >
                                  0
                                </div>
                              </ColumnRow>
                              <ColumnRow
                                columnType="environment"
                                key="1"
                                style={
                                  Object {
                                    "backgroundColor": null,
                                    "bottom": "0%",
                                    "height": "19.8%",
                                  }
                                }
                              >
                                <div
                                  className="css-1bwbgj5-ColumnRow-ColumnRow e5t71583"
                                  style={
                                    Object {
                                      "backgroundColor": null,
                                      "bottom": "0%",
                                      "height": "19.8%",
                                    }
                                  }
                                >
                                  2
                                </div>
                              </ColumnRow>
                              <ColumnRow
                                columnType="inactive"
                                key="2"
                                style={
                                  Object {
                                    "backgroundColor": null,
                                    "bottom": "19.8%",
                                    "height": "0%",
                                  }
                                }
                              >
                                <div
                                  className="css-15d5msq-ColumnRow-ColumnRow e5t71583"
                                  style={
                                    Object {
                                      "backgroundColor": null,
                                      "bottom": "19.8%",
                                      "height": "0%",
                                    }
                                  }
                                >
                                  0
                                </div>
                              </ColumnRow>
                            </div>
                          </Column>
                        </Tooltip>
                        <Tooltip
                          key="1517310000"
                          title="<div style=\\"width:150px\\"><div class=\\"time-label\\"><span>Jan 30th, 3:00 am &#8594 Jan 30th, 10:59 am</span></div><dl class=\\"legend\\"><dt class=\\"inactive\\"><span></span></dt><dd>1 event</dd><dt class=\\"environment\\"><span></span></dt><dd>1 event<small>in All Environments</small></dd></dl></div>"
                          tooltipOptions={
                            Object {
                              "html": true,
                              "placement": "bottom",
                            }
                          }
                        >
                          <Column
                            className="tip"
                            style={
                              Object {
                                "height": "100%",
                              }
                            }
                            title="<div style=\\"width:150px\\"><div class=\\"time-label\\"><span>Jan 30th, 3:00 am &#8594 Jan 30th, 10:59 am</span></div><dl class=\\"legend\\"><dt class=\\"inactive\\"><span></span></dt><dd>1 event</dd><dt class=\\"environment\\"><span></span></dt><dd>1 event<small>in All Environments</small></dd></dl></div>"
                          >
                            <div
                              className="tip css-6b15ws-Column e5t71582"
                              style={
                                Object {
                                  "height": "100%",
                                }
                              }
                              title="<div style=\\"width:150px\\"><div class=\\"time-label\\"><span>Jan 30th, 3:00 am &#8594 Jan 30th, 10:59 am</span></div><dl class=\\"legend\\"><dt class=\\"inactive\\"><span></span></dt><dd>1 event</dd><dt class=\\"environment\\"><span></span></dt><dd>1 event<small>in All Environments</small></dd></dl></div>"
                            >
                              <ColumnRow
                                columnType="release"
                                key="0"
                                style={
                                  Object {
                                    "backgroundColor": null,
                                    "bottom": "0%",
                                    "height": "0%",
                                  }
                                }
                              >
                                <div
                                  className="css-1bwbgj5-ColumnRow-ColumnRow e5t71583"
                                  style={
                                    Object {
                                      "backgroundColor": null,
                                      "bottom": "0%",
                                      "height": "0%",
                                    }
                                  }
                                >
                                  0
                                </div>
                              </ColumnRow>
                              <ColumnRow
                                columnType="environment"
                                key="1"
                                style={
                                  Object {
                                    "backgroundColor": null,
                                    "bottom": "0%",
                                    "height": "9.9%",
                                  }
                                }
                              >
                                <div
                                  className="css-1bwbgj5-ColumnRow-ColumnRow e5t71583"
                                  style={
                                    Object {
                                      "backgroundColor": null,
                                      "bottom": "0%",
                                      "height": "9.9%",
                                    }
                                  }
                                >
                                  1
                                </div>
                              </ColumnRow>
                              <ColumnRow
                                columnType="inactive"
                                key="2"
                                style={
                                  Object {
                                    "backgroundColor": null,
                                    "bottom": "9.9%",
                                    "height": "0%",
                                  }
                                }
                              >
                                <div
                                  className="css-15d5msq-ColumnRow-ColumnRow e5t71583"
                                  style={
                                    Object {
                                      "backgroundColor": null,
                                      "bottom": "9.9%",
                                      "height": "0%",
                                    }
                                  }
                                >
                                  0
                                </div>
                              </ColumnRow>
                            </div>
                          </Column>
                        </Tooltip>
                      </div>
                    </Base>
                  </Columns>
                </figure>
              </StyledBarChart>
            </StackedBarChart>
          </div>
        </GroupReleaseChart>
        <GroupReleaseChart
          className="bar-chart-small"
          environment="All Environments"
          environmentStats={
            Object {
              "24h": Array [
                Array [
                  1517281200,
                  2,
                ],
                Array [
                  1517310000,
                  1,
                ],
              ],
              "30d": Array [
                Array [
                  1514764800,
                  1,
                ],
                Array [
                  1515024000,
                  122,
                ],
              ],
            }
          }
          group={
            Object {
              "assignedTo": null,
              "id": "1",
              "project": Object {
                "id": "2",
                "slug": "project-slug",
              },
              "stats": Object {
                "24h": Array [
                  Array [
                    1517281200,
                    2,
                  ],
                  Array [
                    1517310000,
                    1,
                  ],
                ],
                "30d": Array [
                  Array [
                    1514764800,
                    1,
                  ],
                  Array [
                    1515024000,
                    122,
                  ],
                ],
              },
              "tags": Array [],
            }
          }
          release={null}
          releaseStats={null}
          statsPeriod="30d"
          title="Last 30 Days"
        >
          <div
            className="bar-chart group-chart m-b-1 bar-chart-small"
          >
            <h6>
              <span>
                Last 30 Days
              </span>
            </h6>
            <StackedBarChart
              barClasses={
                Array [
                  "release",
                  "environment",
                  "inactive",
                ]
              }
              className="sparkline"
              height={40}
              label="events"
              markers={Array []}
              points={
                Array [
                  Object {
                    "x": 1514764800,
                    "y": Array [
                      0,
                      1,
                      0,
                    ],
                  },
                  Object {
                    "x": 1515024000,
                    "y": Array [
                      0,
                      122,
                      0,
                    ],
                  },
                ]
              }
              series={Array []}
              tooltip={[Function]}
              width={null}
            >
              <StyledBarChart
                className="barchart"
              >
                <figure
                  className="barchart css-3q0f3i-StyledBarChart e5t71580"
                >
                  <Columns
                    justify="space-between"
                    style={
                      Object {
                        "height": 40,
                        "minHeight": "30px",
                      }
                    }
                  >
                    <Base
                      className="css-tqa1m0-Columns e5t71581"
                      justify="space-between"
                      style={
                        Object {
                          "height": 40,
                          "minHeight": "30px",
                        }
                      }
                    >
                      <div
                        className="css-tqa1m0-Columns e5t71581"
                        is={null}
                        style={
                          Object {
                            "height": 40,
                            "minHeight": "30px",
                          }
                        }
                      >
                        <Tooltip
                          key="1514764800"
                          title="<div style=\\"width:150px\\"><div class=\\"time-label\\"><span>Dec 31st, 4:00 pm &#8594 Jan 3rd, 3:59 pm</span></div><dl class=\\"legend\\"><dt class=\\"inactive\\"><span></span></dt><dd>1 event</dd><dt class=\\"environment\\"><span></span></dt><dd>1 event<small>in All Environments</small></dd></dl></div>"
                          tooltipOptions={
                            Object {
                              "html": true,
                              "placement": "bottom",
                            }
                          }
                        >
                          <Column
                            className="tip"
                            style={
                              Object {
                                "height": "100%",
                              }
                            }
                            title="<div style=\\"width:150px\\"><div class=\\"time-label\\"><span>Dec 31st, 4:00 pm &#8594 Jan 3rd, 3:59 pm</span></div><dl class=\\"legend\\"><dt class=\\"inactive\\"><span></span></dt><dd>1 event</dd><dt class=\\"environment\\"><span></span></dt><dd>1 event<small>in All Environments</small></dd></dl></div>"
                          >
                            <div
                              className="tip css-6b15ws-Column e5t71582"
                              style={
                                Object {
                                  "height": "100%",
                                }
                              }
                              title="<div style=\\"width:150px\\"><div class=\\"time-label\\"><span>Dec 31st, 4:00 pm &#8594 Jan 3rd, 3:59 pm</span></div><dl class=\\"legend\\"><dt class=\\"inactive\\"><span></span></dt><dd>1 event</dd><dt class=\\"environment\\"><span></span></dt><dd>1 event<small>in All Environments</small></dd></dl></div>"
                            >
                              <ColumnRow
                                columnType="release"
                                key="0"
                                style={
                                  Object {
                                    "backgroundColor": null,
                                    "bottom": "0%",
                                    "height": "0%",
                                  }
                                }
                              >
                                <div
                                  className="css-1bwbgj5-ColumnRow-ColumnRow e5t71583"
                                  style={
                                    Object {
                                      "backgroundColor": null,
                                      "bottom": "0%",
                                      "height": "0%",
                                    }
                                  }
                                >
                                  0
                                </div>
                              </ColumnRow>
                              <ColumnRow
                                columnType="environment"
                                key="1"
                                style={
                                  Object {
                                    "backgroundColor": null,
                                    "bottom": "0%",
                                    "height": "0.81%",
                                  }
                                }
                              >
                                <div
                                  className="css-1bwbgj5-ColumnRow-ColumnRow e5t71583"
                                  style={
                                    Object {
                                      "backgroundColor": null,
                                      "bottom": "0%",
                                      "height": "0.81%",
                                    }
                                  }
                                >
                                  1
                                </div>
                              </ColumnRow>
                              <ColumnRow
                                columnType="inactive"
                                key="2"
                                style={
                                  Object {
                                    "backgroundColor": null,
                                    "bottom": "0.81%",
                                    "height": "0%",
                                  }
                                }
                              >
                                <div
                                  className="css-15d5msq-ColumnRow-ColumnRow e5t71583"
                                  style={
                                    Object {
                                      "backgroundColor": null,
                                      "bottom": "0.81%",
                                      "height": "0%",
                                    }
                                  }
                                >
                                  0
                                </div>
                              </ColumnRow>
                            </div>
                          </Column>
                        </Tooltip>
                        <Tooltip
                          key="1515024000"
                          title="<div style=\\"width:150px\\"><div class=\\"time-label\\"><span>Jan 3rd, 4:00 pm &#8594 Jan 6th, 3:59 pm</span></div><dl class=\\"legend\\"><dt class=\\"inactive\\"><span></span></dt><dd>122 events</dd><dt class=\\"environment\\"><span></span></dt><dd>122 events<small>in All Environments</small></dd></dl></div>"
                          tooltipOptions={
                            Object {
                              "html": true,
                              "placement": "bottom",
                            }
                          }
                        >
                          <Column
                            className="tip"
                            style={
                              Object {
                                "height": "100%",
                              }
                            }
                            title="<div style=\\"width:150px\\"><div class=\\"time-label\\"><span>Jan 3rd, 4:00 pm &#8594 Jan 6th, 3:59 pm</span></div><dl class=\\"legend\\"><dt class=\\"inactive\\"><span></span></dt><dd>122 events</dd><dt class=\\"environment\\"><span></span></dt><dd>122 events<small>in All Environments</small></dd></dl></div>"
                          >
                            <div
                              className="tip css-6b15ws-Column e5t71582"
                              style={
                                Object {
                                  "height": "100%",
                                }
                              }
                              title="<div style=\\"width:150px\\"><div class=\\"time-label\\"><span>Jan 3rd, 4:00 pm &#8594 Jan 6th, 3:59 pm</span></div><dl class=\\"legend\\"><dt class=\\"inactive\\"><span></span></dt><dd>122 events</dd><dt class=\\"environment\\"><span></span></dt><dd>122 events<small>in All Environments</small></dd></dl></div>"
                            >
                              <ColumnRow
                                columnType="release"
                                key="0"
                                style={
                                  Object {
                                    "backgroundColor": null,
                                    "bottom": "0%",
                                    "height": "0%",
                                  }
                                }
                              >
                                <div
                                  className="css-1bwbgj5-ColumnRow-ColumnRow e5t71583"
                                  style={
                                    Object {
                                      "backgroundColor": null,
                                      "bottom": "0%",
                                      "height": "0%",
                                    }
                                  }
                                >
                                  0
                                </div>
                              </ColumnRow>
                              <ColumnRow
                                columnType="environment"
                                key="1"
                                style={
                                  Object {
                                    "backgroundColor": null,
                                    "bottom": "0%",
                                    "height": "99%",
                                  }
                                }
                              >
                                <div
                                  className="css-1bwbgj5-ColumnRow-ColumnRow e5t71583"
                                  style={
                                    Object {
                                      "backgroundColor": null,
                                      "bottom": "0%",
                                      "height": "99%",
                                    }
                                  }
                                >
                                  122
                                </div>
                              </ColumnRow>
                              <ColumnRow
                                columnType="inactive"
                                key="2"
                                style={
                                  Object {
                                    "backgroundColor": null,
                                    "bottom": "99%",
                                    "height": "0%",
                                  }
                                }
                              >
                                <div
                                  className="css-15d5msq-ColumnRow-ColumnRow e5t71583"
                                  style={
                                    Object {
                                      "backgroundColor": null,
                                      "bottom": "99%",
                                      "height": "0%",
                                    }
                                  }
                                >
                                  0
                                </div>
                              </ColumnRow>
                            </div>
                          </Column>
                        </Tooltip>
                      </div>
                    </Base>
                  </Columns>
                </figure>
              </StyledBarChart>
            </StackedBarChart>
          </div>
        </GroupReleaseChart>
        <h6>
          <span>
            First seen
          </span>
        </h6>
        <SeenInfo
          environment={null}
          hasRelease={false}
          orgId="org-slug"
          projectId="project-slug"
          release={null}
          title="First seen"
        >
          <dl
            className="seen-info"
          >
            <dt
              key="0"
            >
              When
              :
            </dt>
            <dd
              key="1"
            >
              n/a
            </dd>
            <dt
              key="4"
            >
              Release
              :
            </dt>
            <dd
              key="5"
            >
              <small
                style={
                  Object {
                    "fontStyle": "italic",
                    "marginLeft": 5,
                  }
                }
              >
                <a
                  href="/org-slug/project-slug/settings/release-tracking/"
                >
                  not configured
                </a>
              </small>
            </dd>
          </dl>
        </SeenInfo>
        <h6>
          <span>
            Last seen
          </span>
        </h6>
        <SeenInfo
          environment={null}
          hasRelease={false}
          orgId="org-slug"
          projectId="project-slug"
          release={null}
          title="Last seen"
        >
          <dl
            className="seen-info"
          >
            <dt
              key="0"
            >
              When
              :
            </dt>
            <dd
              key="1"
            >
              n/a
            </dd>
            <dt
              key="4"
            >
              Release
              :
            </dt>
            <dd
              key="5"
            >
              <small
                style={
                  Object {
                    "fontStyle": "italic",
                    "marginLeft": 5,
                  }
                }
              >
                <a
                  href="/org-slug/project-slug/settings/release-tracking/"
                >
                  not configured
                </a>
              </small>
            </dd>
          </dl>
        </SeenInfo>
      </div>
    </div>
  </div>
</GroupReleaseStats>
`;
